<html>
<body>
<pre>
<h1>µVision Build Log</h1>
<h2>Project:</h2>
D:\Documents\Keil\Projects\Bootloader-STM32F103\Bootloader-STM32F103\PROJ\Stm32f103Bootloader.uvproj
Project File Date:  08/27/2019

<h2>Output:</h2>
Build target 'STM32F103RCT6'
compiling main.c...
compiling stm32f10x_it.c...
compiling bootloaders.c...
compiling fat.c...
compiling flash.c...
compiling delay.c...
compiling spi.c...
compiling sys.c...
compiling typedefs.c...
compiling usart.c...
..\CODE\SYSTEM\usart.c(58): error:  #29: expected an expression
compiling init.c...
compiling led.c...
compiling sd_assist.c...
compiling sdcard.c...
compiling sdcard_spi.c...
compiling misc.c...
compiling stm32f10x_adc.c...
compiling stm32f10x_bkp.c...
compiling stm32f10x_can.c...
compiling stm32f10x_cec.c...
compiling stm32f10x_crc.c...
compiling stm32f10x_dac.c...
compiling stm32f10x_dbgmcu.c...
compiling stm32f10x_dma.c...
compiling stm32f10x_exti.c...
compiling stm32f10x_flash.c...
compiling stm32f10x_fsmc.c...
compiling stm32f10x_gpio.c...
compiling stm32f10x_i2c.c...
compiling stm32f10x_iwdg.c...
compiling stm32f10x_pwr.c...
compiling stm32f10x_rcc.c...
compiling stm32f10x_rtc.c...
compiling stm32f10x_sdio.c...
compiling stm32f10x_spi.c...
compiling stm32f10x_tim.c...
compiling stm32f10x_usart.c...
compiling stm32f10x_wwdg.c...
compiling core_cm3.c...
compiling system_stm32f10x.c...
Target not created
Build target 'STM32F103RCT6'
compiling usart.c...
linking...
..\OUTPUT\Stm32f103Bootloader.axf: Error: L6218E: Undefined symbol f_close (referred from bootloaders.o).
..\OUTPUT\Stm32f103Bootloader.axf: Error: L6218E: Undefined symbol f_open (referred from bootloaders.o).
..\OUTPUT\Stm32f103Bootloader.axf: Error: L6218E: Undefined symbol f_read (referred from bootloaders.o).
..\OUTPUT\Stm32f103Bootloader.axf: Error: L6218E: Undefined symbol disk_initialize (referred from fat.o).
..\OUTPUT\Stm32f103Bootloader.axf: Error: L6218E: Undefined symbol f_mount (referred from fat.o).
..\OUTPUT\Stm32f103Bootloader.axf: Error: L6218E: Undefined symbol f_write (referred from fat.o).
..\OUTPUT\Stm32f103Bootloader.axf: Error: L6218E: Undefined symbol Buf_LinearFill32 (referred from flash.o).
Target not created
Build target 'STM32F103RCT6'
compiling main.c...
compiling stm32f10x_it.c...
compiling bootloaders.c...
compiling fat.c...
compiling flash.c...
compiling delay.c...
compiling spi.c...
compiling sys.c...
compiling typedefs.c...
compiling usart.c...
compiling init.c...
compiling led.c...
compiling sd_assist.c...
compiling sdcard.c...
compiling sdcard_spi.c...
compiling misc.c...
compiling stm32f10x_adc.c...
compiling stm32f10x_bkp.c...
compiling stm32f10x_can.c...
compiling stm32f10x_cec.c...
compiling stm32f10x_crc.c...
compiling stm32f10x_dac.c...
compiling stm32f10x_dbgmcu.c...
compiling stm32f10x_dma.c...
compiling stm32f10x_exti.c...
compiling stm32f10x_flash.c...
compiling stm32f10x_fsmc.c...
compiling stm32f10x_gpio.c...
compiling stm32f10x_i2c.c...
compiling stm32f10x_iwdg.c...
compiling stm32f10x_pwr.c...
compiling stm32f10x_rcc.c...
compiling stm32f10x_rtc.c...
compiling stm32f10x_sdio.c...
compiling stm32f10x_spi.c...
compiling stm32f10x_tim.c...
compiling stm32f10x_usart.c...
compiling stm32f10x_wwdg.c...
compiling core_cm3.c...
compiling system_stm32f10x.c...
assembling startup_stm32f10x_hd.s...
linking...
..\OUTPUT\Stm32f103Bootloader.axf: Error: L6218E: Undefined symbol f_close (referred from bootloaders.o).
..\OUTPUT\Stm32f103Bootloader.axf: Error: L6218E: Undefined symbol f_open (referred from bootloaders.o).
..\OUTPUT\Stm32f103Bootloader.axf: Error: L6218E: Undefined symbol f_read (referred from bootloaders.o).
..\OUTPUT\Stm32f103Bootloader.axf: Error: L6218E: Undefined symbol disk_initialize (referred from fat.o).
..\OUTPUT\Stm32f103Bootloader.axf: Error: L6218E: Undefined symbol f_mount (referred from fat.o).
..\OUTPUT\Stm32f103Bootloader.axf: Error: L6218E: Undefined symbol f_write (referred from fat.o).
..\OUTPUT\Stm32f103Bootloader.axf: Error: L6218E: Undefined symbol Buf_LinearFill32 (referred from flash.o).
Target not created
Build target 'STM32F103RCT6'
compiling cc936.c...
compiling diskio.c...
compiling ff.c...
linking...
..\OUTPUT\Stm32f103Bootloader.axf: Error: L6218E: Undefined symbol Buf_LinearFill32 (referred from flash.o).
Target not created
Build target 'STM32F103RCT6'
compiling util.c...
linking...
..\OUTPUT\Stm32f103Bootloader.axf: Error: L6200E: Symbol ff_wtoupper multiply defined (by sd_assist.o and cc936.o).
Target not created
Build target 'STM32F103RCT6'
linking...
Program Size: Code=30074 RO-data=498 RW-data=132 ZI-data=6188  
FromELF: creating hex file...
"..\OUTPUT\Stm32f103Bootloader.axf" - 0 Error(s), 0 Warning(s).
Build target 'STM32F103RCT6'
compiling main.c...
compiling init.c...
..\CODE\HARDWARE\init.c(169): warning:  #1-D: last line of file ends without a newline
linking...
Program Size: Code=30074 RO-data=498 RW-data=132 ZI-data=6188  
FromELF: creating hex file...
"..\OUTPUT\Stm32f103Bootloader.axf" - 0 Error(s), 1 Warning(s).
Build target 'STM32F103RCT6'
compiling init.c...
linking...
Program Size: Code=30074 RO-data=498 RW-data=132 ZI-data=6188  
FromELF: creating hex file...
"..\OUTPUT\Stm32f103Bootloader.axf" - 0 Error(s), 0 Warning(s).
Build target 'STM32F103RCT6'
compiling main.c...
compiling stm32f10x_it.c...
compiling bootloaders.c...
compiling fat.c...
compiling flash.c...
compiling diskio.c...
compiling ff.c...
compiling delay.c...
compiling spi.c...
compiling sys.c...
compiling typedefs.c...
compiling usart.c...
compiling util.c...
compiling init.c...
compiling sd_assist.c...
compiling sdcard.c...
compiling sdcard_spi.c...
compiling misc.c...
compiling stm32f10x_adc.c...
compiling stm32f10x_bkp.c...
compiling stm32f10x_can.c...
compiling stm32f10x_cec.c...
compiling stm32f10x_crc.c...
compiling stm32f10x_dac.c...
compiling stm32f10x_dbgmcu.c...
compiling stm32f10x_dma.c...
compiling stm32f10x_exti.c...
compiling stm32f10x_flash.c...
compiling stm32f10x_fsmc.c...
compiling stm32f10x_gpio.c...
compiling stm32f10x_i2c.c...
compiling stm32f10x_iwdg.c...
compiling stm32f10x_pwr.c...
compiling stm32f10x_rcc.c...
compiling stm32f10x_rtc.c...
compiling stm32f10x_sdio.c...
compiling stm32f10x_spi.c...
compiling stm32f10x_tim.c...
compiling stm32f10x_usart.c...
compiling stm32f10x_wwdg.c...
compiling core_cm3.c...
compiling system_stm32f10x.c...
assembling startup_stm32f10x_hd.s...
linking...
Program Size: Code=30074 RO-data=498 RW-data=132 ZI-data=6188  
FromELF: creating hex file...
"..\OUTPUT\Stm32f103Bootloader.axf" - 0 Error(s), 0 Warning(s).
