<html>
<body>
<pre>
<h1>µVision Build Log</h1>
<h2>Project:</h2>
D:\Documents\Keil\Projects\Bootloader-STM32F103\Bootloader-STM32F103\PROJ\Stm32f103Bootloader.uvproj
Project File Date:  08/27/2019

<h2>Output:</h2>
Build target 'STM32F103RCT6'
compiling main.c...
linking...
Program Size: Code=30166 RO-data=498 RW-data=132 ZI-data=6188  
FromELF: creating hex file...
"..\OUTPUT\Stm32f103Bootloader.axf" - 0 Error(s), 0 Warning(s).
Build target 'STM32F103RCT6'
compiling main.c...
linking...
Program Size: Code=30174 RO-data=498 RW-data=132 ZI-data=6188  
FromELF: creating hex file...
"..\OUTPUT\Stm32f103Bootloader.axf" - 0 Error(s), 0 Warning(s).
Build target 'STM32F103RCT6'
compiling main.c...
linking...
Program Size: Code=30206 RO-data=498 RW-data=132 ZI-data=6188  
FromELF: creating hex file...
"..\OUTPUT\Stm32f103Bootloader.axf" - 0 Error(s), 0 Warning(s).
Build target 'STM32F103RCT6'
compiling main.c...
linking...
Program Size: Code=30206 RO-data=498 RW-data=132 ZI-data=6188  
FromELF: creating hex file...
"..\OUTPUT\Stm32f103Bootloader.axf" - 0 Error(s), 0 Warning(s).
Build target 'STM32F103RCT6'
compiling main.c...
..\CODE\USER\main.c(12): error:  #29: expected an expression
..\CODE\USER\main.c(12): error:  #20: identifier "i" is undefined
Target not created
Build target 'STM32F103RCT6'
compiling main.c...
linking...
Program Size: Code=30230 RO-data=498 RW-data=132 ZI-data=6188  
FromELF: creating hex file...
"..\OUTPUT\Stm32f103Bootloader.axf" - 0 Error(s), 0 Warning(s).
Build target 'STM32F103RCT6'
compiling main.c...
linking...
Program Size: Code=30230 RO-data=498 RW-data=132 ZI-data=6188  
FromELF: creating hex file...
"..\OUTPUT\Stm32f103Bootloader.axf" - 0 Error(s), 0 Warning(s).
Build target 'STM32F103RCT6'
compiling main.c...
compiling stm32f10x_it.c...
compiling bootloaders.c...
compiling fat.c...
compiling flash.c...
compiling diskio.c...
compiling ff.c...
compiling delay.c...
compiling spi.c...
compiling sys.c...
compiling typedefs.c...
compiling usart.c...
compiling util.c...
compiling init.c...
compiling sd_assist.c...
compiling sdcard.c...
compiling sdcard_spi.c...
compiling misc.c...
compiling stm32f10x_adc.c...
compiling stm32f10x_bkp.c...
compiling stm32f10x_can.c...
compiling stm32f10x_cec.c...
compiling stm32f10x_crc.c...
compiling stm32f10x_dac.c...
compiling stm32f10x_dbgmcu.c...
compiling stm32f10x_dma.c...
compiling stm32f10x_exti.c...
compiling stm32f10x_flash.c...
compiling stm32f10x_fsmc.c...
compiling stm32f10x_gpio.c...
compiling stm32f10x_i2c.c...
compiling stm32f10x_iwdg.c...
compiling stm32f10x_pwr.c...
compiling stm32f10x_rcc.c...
compiling stm32f10x_rtc.c...
compiling stm32f10x_sdio.c...
compiling stm32f10x_spi.c...
compiling stm32f10x_tim.c...
compiling stm32f10x_usart.c...
compiling stm32f10x_wwdg.c...
compiling core_cm3.c...
compiling system_stm32f10x.c...
assembling startup_stm32f10x_hd.s...
linking...
Program Size: Code=30234 RO-data=498 RW-data=132 ZI-data=6188  
FromELF: creating hex file...
"..\OUTPUT\Stm32f103Bootloader.axf" - 0 Error(s), 0 Warning(s).
Build target 'STM32F103RCT6'
compiling main.c...
compiling stm32f10x_it.c...
compiling bootloaders.c...
compiling fat.c...
compiling flash.c...
compiling diskio.c...
compiling ff.c...
compiling delay.c...
compiling spi.c...
compiling sys.c...
compiling typedefs.c...
compiling usart.c...
compiling util.c...
compiling init.c...
compiling sd_assist.c...
compiling sdcard.c...
compiling sdcard_spi.c...
compiling misc.c...
compiling stm32f10x_adc.c...
compiling stm32f10x_bkp.c...
compiling stm32f10x_can.c...
compiling stm32f10x_cec.c...
compiling stm32f10x_crc.c...
compiling stm32f10x_dac.c...
compiling stm32f10x_dbgmcu.c...
compiling stm32f10x_dma.c...
compiling stm32f10x_exti.c...
compiling stm32f10x_flash.c...
compiling stm32f10x_fsmc.c...
compiling stm32f10x_gpio.c...
compiling stm32f10x_i2c.c...
compiling stm32f10x_iwdg.c...
compiling stm32f10x_pwr.c...
compiling stm32f10x_rcc.c...
compiling stm32f10x_rtc.c...
compiling stm32f10x_sdio.c...
compiling stm32f10x_spi.c...
compiling stm32f10x_tim.c...
compiling stm32f10x_usart.c...
compiling stm32f10x_wwdg.c...
compiling core_cm3.c...
compiling system_stm32f10x.c...
assembling startup_stm32f10x_hd.s...
linking...
Program Size: Code=30234 RO-data=498 RW-data=132 ZI-data=6188  
FromELF: creating hex file...
"..\OUTPUT\Stm32f103Bootloader.axf" - 0 Error(s), 0 Warning(s).
Build target 'STM32F103RCT6'
compiling main.c...
linking...
Program Size: Code=30262 RO-data=498 RW-data=132 ZI-data=6188  
FromELF: creating hex file...
"..\OUTPUT\Stm32f103Bootloader.axf" - 0 Error(s), 0 Warning(s).
Build target 'STM32F103RCT6'
compiling main.c...
linking...
Program Size: Code=30278 RO-data=498 RW-data=132 ZI-data=6188  
FromELF: creating hex file...
"..\OUTPUT\Stm32f103Bootloader.axf" - 0 Error(s), 0 Warning(s).
Build target 'STM32F103RCT6'
compiling fat.c...
linking...
Program Size: Code=30306 RO-data=498 RW-data=132 ZI-data=6188  
FromELF: creating hex file...
"..\OUTPUT\Stm32f103Bootloader.axf" - 0 Error(s), 0 Warning(s).
Build target 'STM32F103RCT6'
compiling fat.c...
linking...
Program Size: Code=30366 RO-data=498 RW-data=132 ZI-data=6188  
FromELF: creating hex file...
"..\OUTPUT\Stm32f103Bootloader.axf" - 0 Error(s), 0 Warning(s).
Build target 'STM32F103RCT6'
compiling main.c...
..\CODE\USER\main.c(21): warning:  #223-D: function "SD_DetectInit" declared implicitly
..\CODE\USER\main.c(23): warning:  #223-D: function "SD_IsCardInserted" declared implicitly
compiling bootloaders.c...
compiling fat.c...
compiling diskio.c...
compiling ff.c...
linking...
Program Size: Code=30366 RO-data=498 RW-data=132 ZI-data=6188  
FromELF: creating hex file...
"..\OUTPUT\Stm32f103Bootloader.axf" - 0 Error(s), 2 Warning(s).
Build target 'STM32F103RCT6'
compiling main.c...
..\CODE\HARDWARE\Sdcard_spi.h(101): error:  #65: expected a ";"
..\CODE\USER\main.c(21): warning:  #223-D: function "SD_DetectInit" declared implicitly
compiling bootloaders.c...
..\CODE\HARDWARE\Sdcard_spi.h(101): error:  #65: expected a ";"
compiling fat.c...
..\CODE\HARDWARE\Sdcard_spi.h(101): error:  #65: expected a ";"
compiling diskio.c...
..\CODE\HARDWARE\Sdcard_spi.h(101): error:  #65: expected a ";"
compiling ff.c...
compiling sdcard_spi.c...
..\CODE\HARDWARE\Sdcard_spi.h(101): error:  #65: expected a ";"
Target not created
Build target 'STM32F103RCT6'
compiling main.c...
compiling bootloaders.c...
compiling fat.c...
compiling diskio.c...
compiling sdcard_spi.c...
linking...
Program Size: Code=30366 RO-data=498 RW-data=132 ZI-data=6188  
FromELF: creating hex file...
"..\OUTPUT\Stm32f103Bootloader.axf" - 0 Error(s), 0 Warning(s).
Build target 'STM32F103RCT6'
compiling diskio.c...
..\CODE\FATFS\diskio.c(30): warning:  #223-D: function "printf" declared implicitly
linking...
Program Size: Code=30398 RO-data=498 RW-data=132 ZI-data=6188  
FromELF: creating hex file...
"..\OUTPUT\Stm32f103Bootloader.axf" - 0 Error(s), 1 Warning(s).
Build target 'STM32F103RCT6'
compiling diskio.c...
linking...
Program Size: Code=30398 RO-data=498 RW-data=132 ZI-data=6188  
FromELF: creating hex file...
"..\OUTPUT\Stm32f103Bootloader.axf" - 0 Error(s), 0 Warning(s).
Build target 'STM32F103RCT6'
compiling main.c...
linking...
Program Size: Code=30386 RO-data=498 RW-data=132 ZI-data=6188  
FromELF: creating hex file...
"..\OUTPUT\Stm32f103Bootloader.axf" - 0 Error(s), 0 Warning(s).
Build target 'STM32F103RCT6'
compiling main.c...
linking...
Program Size: Code=30358 RO-data=498 RW-data=132 ZI-data=6188  
FromELF: creating hex file...
"..\OUTPUT\Stm32f103Bootloader.axf" - 0 Error(s), 0 Warning(s).
Build target 'STM32F103RCT6'
linking...
Program Size: Code=30358 RO-data=498 RW-data=132 ZI-data=6188  
FromELF: creating hex file...
"..\OUTPUT\Stm32f103Bootloader.axf" - 0 Error(s), 0 Warning(s).
Build target 'STM32F103RCT6'
compiling main.c...
linking...
Program Size: Code=30374 RO-data=498 RW-data=132 ZI-data=6188  
FromELF: creating hex file...
"..\OUTPUT\Stm32f103Bootloader.axf" - 0 Error(s), 0 Warning(s).
Build target 'STM32F103RCT6'
compiling main.c...
..\CODE\USER\main.c(14): error:  #268: declaration may not appear after executable statement in block
Target not created
Build target 'STM32F103RCT6'
compiling main.c...
..\CODE\USER\main.c(14): error:  #268: declaration may not appear after executable statement in block
Target not created
Build target 'STM32F103RCT6'
compiling main.c...
linking...
Program Size: Code=30386 RO-data=498 RW-data=132 ZI-data=6188  
FromELF: creating hex file...
"..\OUTPUT\Stm32f103Bootloader.axf" - 0 Error(s), 0 Warning(s).
Build target 'STM32F103RCT6'
compiling main.c...
compiling bootloaders.c...
compiling fat.c...
compiling diskio.c...
linking...
Program Size: Code=30318 RO-data=498 RW-data=132 ZI-data=6188  
FromELF: creating hex file...
"..\OUTPUT\Stm32f103Bootloader.axf" - 0 Error(s), 0 Warning(s).
Build target 'STM32F103RCT6'
linking...
Program Size: Code=30318 RO-data=498 RW-data=132 ZI-data=6188  
FromELF: creating hex file...
"..\OUTPUT\Bootloader-STM32F103.axf" - 0 Error(s), 0 Warning(s).
Build target 'STM32F103RCT6'
compiling main.c...
compiling bootloaders.c...
linking...
Program Size: Code=30338 RO-data=498 RW-data=132 ZI-data=6188  
FromELF: creating hex file...
"..\OUTPUT\Bootloader-STM32F103.axf" - 0 Error(s), 0 Warning(s).
compiling main.c...
..\CODE\USER\main.c - 0 Error(s), 0 Warning(s).
Build target 'STM32F103RCT6'
linking...
Program Size: Code=30338 RO-data=498 RW-data=132 ZI-data=6188  
FromELF: creating hex file...
"..\OUTPUT\Bootloader-STM32F103.axf" - 0 Error(s), 0 Warning(s).
Build target 'STM32F103RCT6'
compiling main.c...
compiling stm32f10x_it.c...
compiling bootloaders.c...
compiling fat.c...
compiling flash.c...
compiling diskio.c...
compiling ff.c...
compiling delay.c...
compiling spi.c...
compiling sys.c...
compiling typedefs.c...
compiling usart.c...
compiling util.c...
compiling init.c...
compiling sd_assist.c...
compiling sdcard.c...
compiling sdcard_spi.c...
compiling misc.c...
compiling stm32f10x_adc.c...
compiling stm32f10x_bkp.c...
compiling stm32f10x_can.c...
compiling stm32f10x_cec.c...
compiling stm32f10x_crc.c...
compiling stm32f10x_dac.c...
compiling stm32f10x_dbgmcu.c...
compiling stm32f10x_dma.c...
compiling stm32f10x_exti.c...
compiling stm32f10x_flash.c...
compiling stm32f10x_fsmc.c...
compiling stm32f10x_gpio.c...
compiling stm32f10x_i2c.c...
compiling stm32f10x_iwdg.c...
compiling stm32f10x_pwr.c...
compiling stm32f10x_rcc.c...
compiling stm32f10x_rtc.c...
compiling stm32f10x_sdio.c...
compiling stm32f10x_spi.c...
compiling stm32f10x_tim.c...
compiling stm32f10x_usart.c...
compiling stm32f10x_wwdg.c...
compiling core_cm3.c...
compiling system_stm32f10x.c...
assembling startup_stm32f10x_hd.s...
linking...
Program Size: Code=30378 RO-data=498 RW-data=132 ZI-data=6188  
FromELF: creating hex file...
"..\OUTPUT\Bootloader-STM32F103.axf" - 0 Error(s), 0 Warning(s).
Build target 'STM32F103RCT6'
compiling main.c...
compiling stm32f10x_it.c...
compiling bootloaders.c...
compiling fat.c...
compiling flash.c...
compiling diskio.c...
compiling ff.c...
compiling delay.c...
compiling spi.c...
compiling sys.c...
compiling typedefs.c...
compiling usart.c...
compiling util.c...
compiling init.c...
compiling sd_assist.c...
compiling sdcard.c...
compiling sdcard_spi.c...
compiling misc.c...
compiling stm32f10x_adc.c...
compiling stm32f10x_bkp.c...
compiling stm32f10x_can.c...
compiling stm32f10x_cec.c...
compiling stm32f10x_crc.c...
compiling stm32f10x_dac.c...
compiling stm32f10x_dbgmcu.c...
compiling stm32f10x_dma.c...
compiling stm32f10x_exti.c...
compiling stm32f10x_flash.c...
compiling stm32f10x_fsmc.c...
compiling stm32f10x_gpio.c...
compiling stm32f10x_i2c.c...
compiling stm32f10x_iwdg.c...
compiling stm32f10x_pwr.c...
compiling stm32f10x_rcc.c...
compiling stm32f10x_rtc.c...
compiling stm32f10x_sdio.c...
compiling stm32f10x_spi.c...
compiling stm32f10x_tim.c...
compiling stm32f10x_usart.c...
compiling stm32f10x_wwdg.c...
compiling core_cm3.c...
compiling system_stm32f10x.c...
assembling startup_stm32f10x_hd.s...
linking...
Program Size: Code=30410 RO-data=498 RW-data=132 ZI-data=6188  
FromELF: creating hex file...
"..\OUTPUT\Bootloader-STM32F103.axf" - 0 Error(s), 0 Warning(s).
